{"owner":"eba7f07c-d57c-48f6-8072-f75db963e9d6","total":27,"options":0,"gets":18,"heads":0,"posts":0,"puts":9,"deletes":0,"traces":0,"connects":0,"bwin":61923717,"bwout":1593,"headerBWIn":20466,"headerBWOut":6426}
{"owner":"b0827223-1ef6-4aed-a1f9-32bd1abd50d4","total":6,"options":0,"gets":4,"heads":0,"posts":0,"puts":2,"deletes":0,"traces":0,"connects":0,"bwin":13760826,"bwout":354,"headerBWIn":4548,"headerBWOut":1428}
