{"owner":"eba7f07c-d57c-48f6-8072-f75db963e9d6","total":1,"options":0,"gets":0,"heads":0,"posts":0,"puts":1,"deletes":0,"traces":0,"connects":0,"bwin":6880413,"bwout":0,"headerBWIn":818,"headerBWOut":241}
{"owner":"b0827223-1ef6-4aed-a1f9-32bd1abd50d4","total":2,"options":0,"gets":0,"heads":0,"posts":0,"puts":2,"deletes":0,"traces":0,"connects":0,"bwin":1000000000000000,"bwout":0,"headerBWIn":1618,"headerBWOut":476}
