{"owner":"cc56f978-00a7-4908-8d20-9580a3f60a6e","namespace":"stor","objects":1523,"keys":1523,"bytes-total":231907328,"directories":301}
{"owner":"cc56f978-00a7-4908-8d20-9580a3f60a6e","namespace":"jobs","objects":1,"keys":1,"bytes-total":0,"directories":0}
