{"owner":"eba7f07c-d57c-48f6-8072-f75db963e9d6","total":3,"options":0,"gets":2,"heads":0,"posts":0,"puts":1,"deletes":0,"traces":0,"connects":0,"bwin":6880413,"bwout":0,"headerBWIn":2274,"headerBWOut":714}
