{"owner":"fred","namespace":"stor","objects":5,"keys":5,"bytes-total":40960,"directories":0}
