{"owner":"eba7f07c-d57c-48f6-8072-f75db963e9d6","requests":{"OPTION":0,"GET":2,"HEAD":0,"POST":0,"PUT":1,"DELETE":0},"bandwidth":{"in":6880413,"out":94,"headerIn":2274,"headerOut":714}}
