{"owner":"06826928-a5c2-40c3-8532-8c56800e34d9","public":{"namespace":"public","directories":0,"keys":8,"objects":9,"bytes":3543717180},"reports":{"namespace":"reports","directories":0,"keys":1254,"objects":1254,"bytes":292668},"stor":{"namespace":"stor","directories":0,"keys":141,"objects":138,"bytes":2374947270},"jobs":{"namespace":"jobs","directories":0,"keys":0,"objects":0,"bytes":1}}
{"owner":"1a940615-65e9-4856-95f9-f4c530e86ca4","jobs":{"namespace":"jobs","directories":651,"keys":30636,"objects":30636,"bytes":5649306},"reports":{"namespace":"reports","directories":1218,"keys":1563,"objects":1563,"bytes":370536},"public":{"namespace":"public","directories":2856,"keys":356295,"objects":356295,"bytes":1833296328},"stor":{"namespace":"stor","directories":2148,"keys":364665,"objects":364665,"bytes":2616968748}}
{"owner":"1c3f5192-26b3-47c2-839d-0ac851b2575f","public":{"namespace":"public","directories":0,"keys":30210,"objects":30210,"bytes":906661488},"reports":{"namespace":"reports","directories":0,"keys":1563,"objects":1563,"bytes":353934},"jobs":{"namespace":"jobs","directories":0,"keys":46659,"objects":46659,"bytes":11089505166},"stor":{"namespace":"stor","directories":0,"keys":381972,"objects":381972,"bytes":10218830940}}
