{"owner":"70dd5066-eb1d-4186-bfff-8b8de8a12403","jobs":{"namespace":"jobs","directories":4,"keys":3,"objects":2,"bytes":1928},"stor":{"namespace":"stor","directories":0,"keys":1,"objects":1,"bytes":10324},"reports":{"namespace":"reports","directories":332,"keys":434,"objects":434,"bytes":96130},"public":{"namespace":"public","directories":2,"keys":3,"objects":0,"bytes":5}}
{"owner":"7c1c754c-c2eb-4e0f-ace1-f127a9bfbb47","jobs":{"namespace":"jobs","directories":27,"keys":468,"objects":467,"bytes":2431569522},"stor":{"namespace":"stor","directories":0,"keys":70,"objects":70,"bytes":26548140},"reports":{"namespace":"reports","directories":337,"keys":354,"objects":354,"bytes":86552},"public":{"namespace":"public","directories":0,"keys":0,"objects":0,"bytes":0}}
