{"owner":"59159a6e-51b5-4e27-bca4-6cd9c8626eb2","time":{"268435456":[1316,463384821],"536870912":[60,110549076],"2147483648":[6,237815959]},"bandwidth":{"in":223248,"out":17610}}
{"owner":"83546bda-028d-11e2-aabe-17b87241f6ee","time":{"268435456":[0,331196038]},"bandwidth":{"in":14037,"out":810}}
