{"owner":"fred","namespace":"stor","objects":2,"keys":2,"bytes-total":2147487744,"directories":0}
