{"owner":"fred1","namespace":"stor","objects":9,"keys":9,"directories":0,"bytes-total":65536}
{"owner":"fred1","namespace":"jobs","objects":10,"keys":6,"bytes-total":65536,"directories":0}
{"owner":"fred2","namespace":"public","objects":2,"keys":2,"bytes-total":16384,"directories":0}
{"owner":"fred2","namespae":"jobs","objects":2,"keys":2,"bytes-total":16384,"directories":0}
