{"owner":"fred","stor":{"directories":0,"keys":4,"objects":3,"bytes":30420},"public":{"directories":0,"keys":0,"objects":0,"bytes":0},"jobs":{"directories":0,"keys":0,"objects":0,"bytes":0},"reports":{"directories":0,"keys":0,"objects":0,"bytes":0}}
