{"dirname":"/436f36b9-84d1-4ac1-99ff-d26d37b34cb6/stor","key":"/436f36b9-84d1-4ac1-99ff-d26d37b34cb6/stor/public","headers":{},"mtime":1354923950997,"name":"public","owner":"436f36b9-84d1-4ac1-99ff-d26d37b34cb6","type":"directory"}
