Unrecognized line: {"entry":["1771218","\\N","1027-undefined","{}","A3A6BF43","1361977203113","\\N","\\N","\\N","\\N","\\N"]}
Unrecognized line: {"entry":["12345","\\N","/path/to/key","{\"foo\":\"bar\",\"baz\":\"quux\"}"]}
