{"owner":"fred","stor":{"namespace":"stor","directories":0,"keys":4,"objects":3,"bytes":158},"public":{"namespace":"public","directories":0,"keys":2,"objects":0,"bytes":0},"jobs":{"namespace":"jobs","directories":0,"keys":0,"objects":0,"bytes":0},"reports":{"namespace":"reports","directories":0,"keys":0,"objects":0,"bytes":0}}
